[Map]
author=Diego Hasler
image=La Havana (1899).bmp
wrap=no
scroll=vertical
warn=yes

[Continents]
Cementerio=1
El Carmelo=4
El Vedado=4
Castillo del principe=3
Bateria de la Reina=2
Centro=3
Estacion de F.C.=5
Almendo=4
Matadero=3
Jésus de Monte=4
Castillo de Atares=3
Cerro=4
Deposito de Agua=4
Quinta de Palatino=3
Loma de Mazo=4
Canteras de Morales=3
Paso de la Virgen=3
Guanabacoa=3
Regla=3
Casa Blanca=1

[Territories]

CEMA,150,484,Cementerio,CEMB,CEMD,ELCI,ELCJ,ELCL,ELCM
CEMB,206,460,Cementerio,CEMA,CEMC,CEMD,ELCJ
CEMC,259,464,Cementerio,CEMB,CEME,ELCJ
CEMD,204,499,Cementerio,CEMA,CEMB,CEME
CEME,254,504,Cementerio,CEMC,CEMD,ALMI

ELCA,174,256,El Carmelo,ELCB,ELVA,ELVD
ELCB,174,295,El Carmelo,ELCA,ELCC,ELCD
ELCC,140,314,El Carmelo,ELCB,ELCE,ELCG,ELCH
ELCD,211,316,El Carmelo,ELCB,ELCE,ELCF,ELVE
ELCE,171,352,El Carmelo,ELCC,ELCD,ELCH,ELCI
ELCF,249,358,El Carmelo,ELCD,ELCI,ELCJ,ELCK,ELVE,ELVK
ELCG,88,404,El Carmelo,ELCC,ELCH,ELCL,ELCM
ELCH,136,380,El Carmelo,ELCC,ELCE,ELCG,ELCI
ELCI,183,400,El Carmelo,ELCE,ELCF,ELCH,ELCJ,ELCL,CEMA
ELCJ,229,424,El Carmelo,ELCF,ELCI,ELCK,CEMA,CEMB,CEMC
ELCK,279,399,El Carmelo,ELCF,ELCJ,ELVK,CDPA
ELCL,130,443,El Carmelo,ELCG,ELCI,ELCM,CEMA
ELCM,91,474,El Carmelo,ELCG,ELCL,CEMA

ELVA,221,218,El Vedado,ELVB,ELVD,ELCA
ELVB,280,193,El Vedado,ELVA,ELVC,ELVD,ELVF,ELVG
ELVC,325,165,El Vedado,ELVB,ELVG,ELVH
ELVD,244,242,El Vedado,ELVA,ELVB,ELVE,ELVF,ELCA
ELVE,264,293,El Vedado,ELVD,ELVF,ELVI,ELVK,ELCD,ELCF
ELVF,296,248,El Vedado,ELVB,ELVD,ELVE,ELVG,ELVI,ELVJ
ELVG,345,199,El Vedado,ELVB,ELVC,ELVF,ELVH,ELVJ
ELVH,411,179,El Vedado,ELVC,ELVG,ELVJ,ELVO
ELVI,321,275,El Vedado,ELVE,ELVF,ELVJ,ELVK,ELVL
ELVJ,370,228,El Vedado,ELVF,ELVG,ELVH,ELVI,ELVM,ELVN
ELVK,314,344,El Vedado,ELVE,ELVI,ELVL,ELCF,ELCK,CDPA
ELVL,353,310,El Vedado,ELVI,ELVK,ELVM,CDPB
ELVM,396,293,El Vedado,ELVJ,ELVL,ELVN,ELVP,CDPB,CDPC
ELVN,406,250,El Vedado,ELVJ,ELVM,ELVO
ELVO,456,206,El Vedado,ELVH,ELVN,ELVP,BARA
ELVP,475,240,El Vedado,ELVM,ELVO,CDPD,BARA

CDPA,339,383,Castillo del principe,CDPB,ELCK,ELVK
CDPB,388,365,Castillo del principe,CDPA,CDPC,CDPE,ELVL,ELVM
CDPC,436,315,Castillo del principe,CDPB,CDPD,CDPE,ELVM
CDPD,478,301,Castillo del principe,CDPC,CDPE,ELVP,BARA,BARC,BARD
CDPE,464,356,Castillo del principe,CDPB,CDPC,CDPD,BARD,ALMA

BARA,526,239,Bateria de la Reina,BARB,BARC,ELVO,ELVP,CDPD
BARB,579,254,Bateria de la Reina,BARA,BARC,CENA
BARC,563,295,Bateria de la Reina,BARA,BARB,BARD,CDPD,CENB,MATB
BARD,536,339,Bateria de la Reina,BARC,CDPD,CDPE,MATA

CENA,649,246,Centro,CENB,CENC,BARB,ESTD
CENB,631,316,Centro,CENA,CENC,CEND,BARC
CENC,675,318,Centro,CENA,CENB,CEND,ESTH,ESTK
CEND,659,378,Centro,CENB,CENC,CENE,ESTP,MATB
CENE,658,420,Centro,CEND,ESTQ,MATB,MATF

ESTA,740,198,Estacion de F.C.,ESTB,ESTD
ESTB,778,195,Estacion de F.C.,ESTA,ESTC,ESTE
ESTC,809,205,Estacion de F.C.,ESTB,ESTF
ESTD,721,243,Estacion de F.C.,ESTA,ESTE,ESTH,CENA
ESTE,769,244,Estacion de F.C.,ESTB,ESTD,ESTF,ESTI
ESTF,821,245,Estacion de F.C.,ESTC,ESTE,ESTG,ESTI,ESTJ
ESTG,884,250,Estacion de F.C.,ESTF,ESTJ,ESTN,CBLB
ESTH,719,304,Estacion de F.C.,ESTD,ESTI,ESTK,CENC
ESTI,760,304,Estacion de F.C.,ESTE,ESTF,ESTH,ESTJ,ESTK
ESTJ,830,294,Estacion de F.C.,ESTF,ESTG,ESTI,ESTM,ESTN
ESTK,750,350,Estacion de F.C.,ESTH,ESTI,ESTL,ESTM,ESTP,CENC
ESTL,770,382,Estacion de F.C.,ESTK,ESTM,ESTP,CATG,CATH
ESTM,843,343,Estacion de F.C.,ESTJ,ESTK,ESTL,ESTN,ESTO
ESTN,895,318,Estacion de F.C.,ESTG,ESTJ,ESTM
ESTO,858,388,Estacion de F.C.,ESTM,CATH,CBLD
ESTP,728,406,Estacion de F.C.,ESTK,ESTL,ESTQ,CEND,CATF,CATG
ESTQ,693,440,Estacion de F.C.,ESTP,CENE,JMOC,CATF

ALMA,483,400,Almendo,ALMB,ALMC,CDPE
ALMB,515,425,Almendo,ALMA,ALMC,ALME,MATA,CERG
ALMC,474,456,Almendo,ALMA,ALMB,ALMD,ALME
ALMD,452,502,Almendo,ALMC,ALME,ALMF,CERD
ALME,496,500,Almendo,ALMB,ALMC,ALMD,CERD,CERF,CERG
ALMF,414,555,Almendo,ALMD,ALMG,CERC,CERD
ALMG,388,610,Almendo,ALMF,ALMH,CERB,CERC
ALMH,332,667,Almendo,ALMG,ALMI,ALMJ,CERA
ALMI,266,715,Almendo,ALMH,ALMJ,CEME
ALMJ,324,724,Almendo,ALMH,ALMI,ALMK,CERA,QPAA,QPAB
ALMK,390,723,Almendo,ALMJ,CERA,CERB,CERJ,CERK,QPAB,QPAC

MATA,553,404,Matadero,MATB,MATC,BARD,ALMB
MATB,595,395,Matadero,MATA,MATC,BARC,CEND,CENE
MATC,590,456,Matadero,MATA,MATB,MATD,MATF,CERG
MATD,600,490,Matadero,MATC,MATE,MATF,CERH
MATE,612,524,Matadero,MATD,MATF,CERI,JMOB,JMOC
MATF,643,455,Matadero,MATC,MATD,MATE,CENE,JMOC

JMOA,567,597,Jésus de Monte,JMOB,JMOD,CERI,DAGD
JMOB,629,594,Jésus de Monte,JMOA,JMOC,JMOD,JMOE,JMOF,CERI,MATE
JMOC,649,518,Jésus de Monte,JMOB,JMOE,ESTQ,MATE,MATF,CATD
JMOD,600,628,Jésus de Monte,JMOA,JMOB,JMOF,DAGE
JMOE,659,565,Jésus de Monte,JMOB,JMOC,CATA,CATB
JMOF,639,661,Jésus de Monte,JMOB,JMOD,JMOG,JMOI,DAGG
JMOG,641,705,Jésus de Monte,JMOF,JMOH,JMOJ,DAGG
JMOH,655,751,Jésus de Monte,JMOG,JMOJ,DAGH,LMAD,CMOA
JMOI,700,663,Jésus de Monte,JMOF,JMOJ,JMOK,CATA
JMOJ,701,734,Jésus de Monte,JMOG,JMOH,JMOI,JMOK,CMOA
JMOK,754,681,Jésus de Monte,JMOI,JMOJ,CATA

CATA,710,604,Castillo de Atares,CATB,CATC,JMOE,JMOI,JMOK
CATB,703,555,Castillo de Atares,CATA,CATC,CATD,CATE,JMOE
CATC,755,569,Castillo de Atares,CATA,CATB,CATE
CATD,701,496,Castillo de Atares,CATB,CATE,CATF,JMOC
CATE,740,524,Castillo de Atares,CATB,CATC,CATD
CATF,723,469,Castillo de Atares,CATD,CATG,ESTP,ESTQ
CATG,770,450,Castillo de Atares,CATF,CATH,ESTL,ESTP,CBLD
CATH,805,406,Castillo de Atares,CATG,ESTL,ESTO

CERA,386,669,Cerro,CERB,ALMH,ALMJ,ALMK
CERB,425,656,Cerro,CERA,CERC,CERE,CERK,CERL,ALMG,ALMK
CERC,419,607,Cerro,CERB,CERD,CERE,ALMF,ALMG
CERD,444,570,Cerro,CERC,CERF,ALMD,ALME,ALMF
CERE,447,631,Cerro,CERB,CERC,CERF,CERL
CERF,493,583,Cerro,CERD,CERE,CERH,CERI,CERL,ALME
CERG,545,487,Cerro,CERH,ALMB,ALME,MATC
CERH,545,520,Cerro,CERF,CERG,CERI,MATD
CERI,565,555,Cerro,CERF,CERH,MATE,JMOA,JMOB
CERJ,445,746,Cerro,CERK,ALMK,DAGA,DAGB,QPAC
CERK,460,702,Cerro,CERB,CERJ,CERL,ALMK,DAGC
CERL,495,650,Cerro,CERB,CERE,CERF,CERK,DAGD

DAGA,444,806,Deposito de Agua,DAGB,CERJ,QPAE,QPAG
DAGB,485,773,Deposito de Agua,DAGA,DAGC,CERJ,QPAG,LMAA,LMAB
DAGC,502,729,Deposito de Agua,DAGB,DAGD,CERK,LMAA
DAGD,535,666,Deposito de Agua,DAGC,DAGE,CERL,JMOA
DAGE,572,670,Deposito de Agua,DAGD,DAGF,DAGG,JMOD
DAGF,564,730,Deposito de Agua,DAGE,DAGG,DAGH,LMAA
DAGG,596,711,Deposito de Agua,DAGE,DAGF,DAGH,JMOF,JMOG
DAGH,590,772,Deposito de Agua,DAGF,DAGG,JMOH,LMAA,LMAC,LMAD

QPAA,309,795,Quinta de Palatino,QPAB,QPAD,ALMJ
QPAB,359,793,Quinta de Palatino,QPAA,QPAC,QPAD,QPAE,ALMJ,ALMK
QPAC,410,778,Quinta de Palatino,QPAB,QPAE,ALMK,CERJ
QPAD,318,859,Quinta de Palatino,QPAA,QPAB,QPAE,QPAF,QPAH
QPAE,389,843,Quinta de Palatino,QPAB,QPAC,QPAD,QPAF,QPAG,DAGA
QPAF,340,903,Quinta de Palatino,QPAD,QPAE,QPAH
QPAG,425,871,Quinta de Palatino,QPAE,QPAI,DAGA,DAGB,LMAB,LMAE
QPAH,335,953,Quinta de Palatino,QPAD,QPAF,QPAI
QPAI,427,939,Quinta de Palatino,QPAG,QPAH,LMAE

LMAA,527,789,Loma de Mazo,LMAB,LMAC,DAGB,DAGC,DAGF,DAGH
LMAB,495,849,Loma de Mazo,LMAA,LMAC,LMAE,LMAF,DAGB,QPAG
LMAC,564,828,Loma de Mazo,LMAA,LMAB,LMAD,LMAF,LMAH,DAGH
LMAD,647,808,Loma de Mazo,LMAC,LMAH,JMOH,DAGH,CMOA,CMOB
LMAE,481,926,Loma de Mazo,LMAB,LMAF,LMAG,LMAI,QPAG,QPAI
LMAF,542,885,Loma de Mazo,LMAB,LMAC,LMAE,LMAG
LMAG,574,912,Loma de Mazo,LMAE,LMAF,LMAH,LMAI,LMAJ
LMAH,617,873,Loma de Mazo,LMAC,LMAD,LMAG,CMOB,CMOC
LMAI,561,964,Loma de Mazo,LMAE,LMAG,LMAJ
LMAJ,632,961,Loma de Mazo,LMAG,LMAI,CMOC,CMOE

CMOA,725,790,Canteras de Morales,CMOB,JMOH,JMOJ,LMAD
CMOB,675,850,Canteras de Morales,CMOA,CMOC,CMOD,CMOE,LMAD,LMAH
CMOC,660,915,Canteras de Morales,CMOB,CMOE,LMAH,LMAJ
CMOD,745,870,Canteras de Morales,CMOB,CMOE,PVIB
CMOE,710,925,Canteras de Morales,CMOB,CMOC,CMOD,LMAJ,PVIA

PVIA,775,945,Paso de la Virgen,PVIB,CMOE
PVIB,840,905,Paso de la Virgen,PVIA,PVIC,CMOD
PVIC,860,840,Paso de la Virgen,PVIB,PVID
PVID,915,755,Paso de la Virgen,PVIC,PVIE
PVIE,1045,750,Paso de la Virgen,PVID,PVIF
PVIF,1105,710,Paso de la Virgen,PVIE,PVIG,PVIH,PVII
PVIG,1150,745,Paso de la Virgen,PVIF,PVIH
PVIH,1195,695,Paso de la Virgen,PVIF,PVIG,PVII
PVII,1180,630,Paso de la Virgen,PVIF,PVIH,GUAE,GUAF

GUAA,1195,435,Guanabacoa,GUAB,REGF
GUAB,1185,500,Guanabacoa,GUAA,GUAC,GUAD,GUAE,GUAG,REGF
GUAC,1090,500,Guanabacoa,GUAB,GUAD,REGB,REGE,REGF
GUAD,1105,540,Guanabacoa,GUAB,GUAC,GUAE
GUAE,1145,570,Guanabacoa,GUAB,GUAD,GUAF,PVII
GUAF,1190,590,Guanabacoa,GUAE,GUAG,PVII
GUAG,1215,560,Guanabacoa,GUAB,GUAF

REGA,1060,385,Regla,REGD,CBLC
REGB,1020,505,Regla,REGC,REGE,GUAC,CBLD
REGC,1035,470,Regla,REGB,REGD,REGE
REGD,1095,420,Regla,REGA,REGC,REGF
REGE,1060,487,Regla,REGB,REGC,REGF,GUAC
REGF,1120,460,Regla,REGD,REGE,GUAA,GUAB,GUAC

CBLA,870,140,Casa Blanca,CBLB
CBLB,915,180,Casa Blanca,CBLA,CBLC,ESTG
CBLC,995,210,Casa Blanca,CBLB,REGA
CBLD,899,469,Casa Blanca,ESTO,CATG,REGB
